{
    "-profile test": {
        "content": [
            {
                "BAMTOOLS_CONVERT": {
                    "bamtools": "2.5.2"
                },
                "GNU_SORT": {
                    "coreutils": 9.5
                },
                "GSTAMA_COLLAPSE": {
                    "gstama": 20211103
                },
                "GSTAMA_MERGE": {
                    "gstama": "0.0.1"
                },
                "GSTAMA_POLYACLEANUP": {
                    "gstama": 20211103
                },
                "GUNZIP": {
                    "gunzip": 1.13
                },
                "ISOSEQ_REFINE": {
                    "isoseq": "4.0.0"
                },
                "LIMA": {
                    "lima": "2.12.0"
                },
                "PBCCS": {
                    "pbccs": "6.4.0"
                },
                "ULTRA_ALIGN": {
                    "ultra": 0.1,
                    "samtools": 1.17
                },
                "ULTRA_INDEX": {
                    "ultra": 0.1,
                    "gffutils": "0.11.1",
                    "sqlite": "3.42.0"
                },
                "Workflow": {
                    "nf-core/isoseq": "v2.1.0dev"
                }
            },
            [
                "01_PBCCS",
                "01_PBCCS/alz.chunk1.bam",
                "01_PBCCS/alz.chunk1.bam.pbi",
                "01_PBCCS/alz.chunk1.metrics.json.gz",
                "01_PBCCS/alz.chunk1.report.json",
                "01_PBCCS/alz.chunk1.report.txt",
                "01_PBCCS/alz.chunk2.bam",
                "01_PBCCS/alz.chunk2.bam.pbi",
                "01_PBCCS/alz.chunk2.metrics.json.gz",
                "01_PBCCS/alz.chunk2.report.json",
                "01_PBCCS/alz.chunk2.report.txt",
                "01_PBCCS/alz.chunk3.bam",
                "01_PBCCS/alz.chunk3.bam.pbi",
                "01_PBCCS/alz.chunk3.metrics.json.gz",
                "01_PBCCS/alz.chunk3.report.json",
                "01_PBCCS/alz.chunk3.report.txt",
                "01_PBCCS/alz.chunk4.bam",
                "01_PBCCS/alz.chunk4.bam.pbi",
                "01_PBCCS/alz.chunk4.metrics.json.gz",
                "01_PBCCS/alz.chunk4.report.json",
                "01_PBCCS/alz.chunk4.report.txt",
                "01_PBCCS/alz.chunk5.bam",
                "01_PBCCS/alz.chunk5.bam.pbi",
                "01_PBCCS/alz.chunk5.metrics.json.gz",
                "01_PBCCS/alz.chunk5.report.json",
                "01_PBCCS/alz.chunk5.report.txt",
                "02_LIMA",
                "02_LIMA/alz.chunk1_flnc.NEB_5p--NEB_Clontech_3p.bam",
                "02_LIMA/alz.chunk1_flnc.NEB_5p--NEB_Clontech_3p.bam.pbi",
                "02_LIMA/alz.chunk1_flnc.NEB_5p--NEB_Clontech_3p.consensusreadset.xml",
                "02_LIMA/alz.chunk1_flnc.consensusreadset.xml",
                "02_LIMA/alz.chunk1_flnc.json",
                "02_LIMA/alz.chunk1_flnc.lima.clips",
                "02_LIMA/alz.chunk1_flnc.lima.counts",
                "02_LIMA/alz.chunk1_flnc.lima.guess",
                "02_LIMA/alz.chunk1_flnc.lima.report",
                "02_LIMA/alz.chunk1_flnc.lima.summary",
                "02_LIMA/alz.chunk2_flnc.NEB_5p--NEB_Clontech_3p.bam",
                "02_LIMA/alz.chunk2_flnc.NEB_5p--NEB_Clontech_3p.bam.pbi",
                "02_LIMA/alz.chunk2_flnc.NEB_5p--NEB_Clontech_3p.consensusreadset.xml",
                "02_LIMA/alz.chunk2_flnc.consensusreadset.xml",
                "02_LIMA/alz.chunk2_flnc.json",
                "02_LIMA/alz.chunk2_flnc.lima.clips",
                "02_LIMA/alz.chunk2_flnc.lima.counts",
                "02_LIMA/alz.chunk2_flnc.lima.guess",
                "02_LIMA/alz.chunk2_flnc.lima.report",
                "02_LIMA/alz.chunk2_flnc.lima.summary",
                "02_LIMA/alz.chunk3_flnc.NEB_5p--NEB_Clontech_3p.bam",
                "02_LIMA/alz.chunk3_flnc.NEB_5p--NEB_Clontech_3p.bam.pbi",
                "02_LIMA/alz.chunk3_flnc.NEB_5p--NEB_Clontech_3p.consensusreadset.xml",
                "02_LIMA/alz.chunk3_flnc.consensusreadset.xml",
                "02_LIMA/alz.chunk3_flnc.json",
                "02_LIMA/alz.chunk3_flnc.lima.clips",
                "02_LIMA/alz.chunk3_flnc.lima.counts",
                "02_LIMA/alz.chunk3_flnc.lima.guess",
                "02_LIMA/alz.chunk3_flnc.lima.report",
                "02_LIMA/alz.chunk3_flnc.lima.summary",
                "02_LIMA/alz.chunk4_flnc.NEB_5p--NEB_Clontech_3p.bam",
                "02_LIMA/alz.chunk4_flnc.NEB_5p--NEB_Clontech_3p.bam.pbi",
                "02_LIMA/alz.chunk4_flnc.NEB_5p--NEB_Clontech_3p.consensusreadset.xml",
                "02_LIMA/alz.chunk4_flnc.consensusreadset.xml",
                "02_LIMA/alz.chunk4_flnc.json",
                "02_LIMA/alz.chunk4_flnc.lima.clips",
                "02_LIMA/alz.chunk4_flnc.lima.counts",
                "02_LIMA/alz.chunk4_flnc.lima.guess",
                "02_LIMA/alz.chunk4_flnc.lima.report",
                "02_LIMA/alz.chunk4_flnc.lima.summary",
                "02_LIMA/alz.chunk5_flnc.NEB_5p--NEB_Clontech_3p.bam",
                "02_LIMA/alz.chunk5_flnc.NEB_5p--NEB_Clontech_3p.bam.pbi",
                "02_LIMA/alz.chunk5_flnc.NEB_5p--NEB_Clontech_3p.consensusreadset.xml",
                "02_LIMA/alz.chunk5_flnc.consensusreadset.xml",
                "02_LIMA/alz.chunk5_flnc.json",
                "02_LIMA/alz.chunk5_flnc.lima.clips",
                "02_LIMA/alz.chunk5_flnc.lima.counts",
                "02_LIMA/alz.chunk5_flnc.lima.guess",
                "02_LIMA/alz.chunk5_flnc.lima.report",
                "02_LIMA/alz.chunk5_flnc.lima.summary",
                "03_ISOSEQ_REFINE",
                "03_ISOSEQ_REFINE/alz.chunk1.bam",
                "03_ISOSEQ_REFINE/alz.chunk1.bam.pbi",
                "03_ISOSEQ_REFINE/alz.chunk1.consensusreadset.xml",
                "03_ISOSEQ_REFINE/alz.chunk1.filter_summary.report.json",
                "03_ISOSEQ_REFINE/alz.chunk1.report.csv",
                "03_ISOSEQ_REFINE/alz.chunk2.bam",
                "03_ISOSEQ_REFINE/alz.chunk2.bam.pbi",
                "03_ISOSEQ_REFINE/alz.chunk2.consensusreadset.xml",
                "03_ISOSEQ_REFINE/alz.chunk2.filter_summary.report.json",
                "03_ISOSEQ_REFINE/alz.chunk2.report.csv",
                "03_ISOSEQ_REFINE/alz.chunk3.bam",
                "03_ISOSEQ_REFINE/alz.chunk3.bam.pbi",
                "03_ISOSEQ_REFINE/alz.chunk3.consensusreadset.xml",
                "03_ISOSEQ_REFINE/alz.chunk3.filter_summary.report.json",
                "03_ISOSEQ_REFINE/alz.chunk3.report.csv",
                "03_ISOSEQ_REFINE/alz.chunk4.bam",
                "03_ISOSEQ_REFINE/alz.chunk4.bam.pbi",
                "03_ISOSEQ_REFINE/alz.chunk4.consensusreadset.xml",
                "03_ISOSEQ_REFINE/alz.chunk4.filter_summary.report.json",
                "03_ISOSEQ_REFINE/alz.chunk4.report.csv",
                "03_ISOSEQ_REFINE/alz.chunk5.bam",
                "03_ISOSEQ_REFINE/alz.chunk5.bam.pbi",
                "03_ISOSEQ_REFINE/alz.chunk5.consensusreadset.xml",
                "03_ISOSEQ_REFINE/alz.chunk5.filter_summary.report.json",
                "03_ISOSEQ_REFINE/alz.chunk5.report.csv",
                "04_BAMTOOLS_CONVERT",
                "04_BAMTOOLS_CONVERT/alz.chunk1.fasta",
                "04_BAMTOOLS_CONVERT/alz.chunk2.fasta",
                "04_BAMTOOLS_CONVERT/alz.chunk3.fasta",
                "04_BAMTOOLS_CONVERT/alz.chunk4.fasta",
                "04_BAMTOOLS_CONVERT/alz.chunk5.fasta",
                "05_GSTAMA_POLYACLEANUP",
                "05_GSTAMA_POLYACLEANUP/alz.chunk1_tama.fa.gz",
                "05_GSTAMA_POLYACLEANUP/alz.chunk1_tama_polya_flnc_report.txt.gz",
                "05_GSTAMA_POLYACLEANUP/alz.chunk1_tama_tails.fa.gz",
                "05_GSTAMA_POLYACLEANUP/alz.chunk2_tama.fa.gz",
                "05_GSTAMA_POLYACLEANUP/alz.chunk2_tama_polya_flnc_report.txt.gz",
                "05_GSTAMA_POLYACLEANUP/alz.chunk2_tama_tails.fa.gz",
                "05_GSTAMA_POLYACLEANUP/alz.chunk3_tama.fa.gz",
                "05_GSTAMA_POLYACLEANUP/alz.chunk3_tama_polya_flnc_report.txt.gz",
                "05_GSTAMA_POLYACLEANUP/alz.chunk3_tama_tails.fa.gz",
                "05_GSTAMA_POLYACLEANUP/alz.chunk4_tama.fa.gz",
                "05_GSTAMA_POLYACLEANUP/alz.chunk4_tama_polya_flnc_report.txt.gz",
                "05_GSTAMA_POLYACLEANUP/alz.chunk4_tama_tails.fa.gz",
                "05_GSTAMA_POLYACLEANUP/alz.chunk5_tama.fa.gz",
                "05_GSTAMA_POLYACLEANUP/alz.chunk5_tama_polya_flnc_report.txt.gz",
                "05_GSTAMA_POLYACLEANUP/alz.chunk5_tama_tails.fa.gz",
                "06.1_GUNZIP",
                "06.1_GUNZIP/alz.chunk1_tama.fa",
                "06.1_GUNZIP/alz.chunk2_tama.fa",
                "06.1_GUNZIP/alz.chunk3_tama.fa",
                "06.1_GUNZIP/alz.chunk4_tama.fa",
                "06.1_GUNZIP/alz.chunk5_tama.fa",
                "06.2_ULTRA",
                "06.2_ULTRA/alz.chunk1.bam",
                "06.2_ULTRA/alz.chunk2.bam",
                "06.2_ULTRA/alz.chunk3.bam",
                "06.2_ULTRA/alz.chunk4.bam",
                "06.2_ULTRA/alz.chunk5.bam",
                "07_GSTAMA_COLLAPSE",
                "07_GSTAMA_COLLAPSE/alz.chunk1_collapsed.bed",
                "07_GSTAMA_COLLAPSE/alz.chunk1_local_density_error.txt",
                "07_GSTAMA_COLLAPSE/alz.chunk1_polya.txt",
                "07_GSTAMA_COLLAPSE/alz.chunk1_read.txt",
                "07_GSTAMA_COLLAPSE/alz.chunk1_strand_check.txt",
                "07_GSTAMA_COLLAPSE/alz.chunk1_trans_read.bed",
                "07_GSTAMA_COLLAPSE/alz.chunk1_trans_report.txt",
                "07_GSTAMA_COLLAPSE/alz.chunk1_varcov.txt",
                "07_GSTAMA_COLLAPSE/alz.chunk1_variants.txt",
                "07_GSTAMA_COLLAPSE/alz.chunk2_collapsed.bed",
                "07_GSTAMA_COLLAPSE/alz.chunk2_local_density_error.txt",
                "07_GSTAMA_COLLAPSE/alz.chunk2_polya.txt",
                "07_GSTAMA_COLLAPSE/alz.chunk2_read.txt",
                "07_GSTAMA_COLLAPSE/alz.chunk2_strand_check.txt",
                "07_GSTAMA_COLLAPSE/alz.chunk2_trans_read.bed",
                "07_GSTAMA_COLLAPSE/alz.chunk2_trans_report.txt",
                "07_GSTAMA_COLLAPSE/alz.chunk2_varcov.txt",
                "07_GSTAMA_COLLAPSE/alz.chunk2_variants.txt",
                "07_GSTAMA_COLLAPSE/alz.chunk3_collapsed.bed",
                "07_GSTAMA_COLLAPSE/alz.chunk3_local_density_error.txt",
                "07_GSTAMA_COLLAPSE/alz.chunk3_polya.txt",
                "07_GSTAMA_COLLAPSE/alz.chunk3_read.txt",
                "07_GSTAMA_COLLAPSE/alz.chunk3_strand_check.txt",
                "07_GSTAMA_COLLAPSE/alz.chunk3_trans_read.bed",
                "07_GSTAMA_COLLAPSE/alz.chunk3_trans_report.txt",
                "07_GSTAMA_COLLAPSE/alz.chunk3_varcov.txt",
                "07_GSTAMA_COLLAPSE/alz.chunk3_variants.txt",
                "07_GSTAMA_COLLAPSE/alz.chunk4_collapsed.bed",
                "07_GSTAMA_COLLAPSE/alz.chunk4_local_density_error.txt",
                "07_GSTAMA_COLLAPSE/alz.chunk4_polya.txt",
                "07_GSTAMA_COLLAPSE/alz.chunk4_read.txt",
                "07_GSTAMA_COLLAPSE/alz.chunk4_strand_check.txt",
                "07_GSTAMA_COLLAPSE/alz.chunk4_trans_read.bed",
                "07_GSTAMA_COLLAPSE/alz.chunk4_trans_report.txt",
                "07_GSTAMA_COLLAPSE/alz.chunk4_varcov.txt",
                "07_GSTAMA_COLLAPSE/alz.chunk4_variants.txt",
                "07_GSTAMA_COLLAPSE/alz.chunk5_collapsed.bed",
                "07_GSTAMA_COLLAPSE/alz.chunk5_local_density_error.txt",
                "07_GSTAMA_COLLAPSE/alz.chunk5_polya.txt",
                "07_GSTAMA_COLLAPSE/alz.chunk5_read.txt",
                "07_GSTAMA_COLLAPSE/alz.chunk5_strand_check.txt",
                "07_GSTAMA_COLLAPSE/alz.chunk5_trans_read.bed",
                "07_GSTAMA_COLLAPSE/alz.chunk5_trans_report.txt",
                "07_GSTAMA_COLLAPSE/alz.chunk5_varcov.txt",
                "07_GSTAMA_COLLAPSE/alz.chunk5_variants.txt",
                "08_GSTAMA_FILELIST",
                "08_GSTAMA_FILELIST/alz.tsv",
                "09_GSTAMA_MERGE",
                "09_GSTAMA_MERGE/alz.bed",
                "09_GSTAMA_MERGE/alz_gene_report.txt",
                "09_GSTAMA_MERGE/alz_merge.txt",
                "09_GSTAMA_MERGE/alz_trans_report.txt",
                "ULTRA_INDEX",
                "ULTRA_INDEX/all_splice_pairs_annotations.pickle",
                "ULTRA_INDEX/all_splice_sites_annotations.pickle",
                "ULTRA_INDEX/chr_to_id.pickle",
                "ULTRA_INDEX/database.db",
                "ULTRA_INDEX/exon_choordinates_to_id.pickle",
                "ULTRA_INDEX/flank_choordinates.pickle",
                "ULTRA_INDEX/gene_to_small_segments.pickle",
                "ULTRA_INDEX/genome.gtf",
                "ULTRA_INDEX/id_to_chr.pickle",
                "ULTRA_INDEX/max_intron_chr.pickle",
                "ULTRA_INDEX/parts_to_segments.pickle",
                "ULTRA_INDEX/ref_exon_sequences.pickle",
                "ULTRA_INDEX/ref_flank_sequences.pickle",
                "ULTRA_INDEX/ref_part_sequences.pickle",
                "ULTRA_INDEX/ref_segment_sequences.pickle",
                "ULTRA_INDEX/refs_id_lengths.pickle",
                "ULTRA_INDEX/refs_lengths.pickle",
                "ULTRA_INDEX/segment_id_to_choordinates.pickle",
                "ULTRA_INDEX/segment_to_gene.pickle",
                "ULTRA_INDEX/segment_to_ref.pickle",
                "ULTRA_INDEX/splices_to_transcripts.pickle",
                "ULTRA_INDEX/transcripts_to_splices.pickle",
                "pipeline_info",
                "pipeline_info/nf_core_isoseq_software_mqc_versions.yml"
            ],
            [
                "alz.chunk1.bam:md5,d7058290dcb8d12439e3dd4b66366bda",
                "alz.chunk1.bam.pbi:md5,9972feba0a190fbb53989d1b71ec68b3",
                "alz.chunk1.report.txt:md5,5e2f87fae296a25c6135ca66fe34b371",
                "alz.chunk2.bam:md5,29a2068e989cb1f03322dd3ad2d481da",
                "alz.chunk2.bam.pbi:md5,cb34133503621ef82766f55677d56255",
                "alz.chunk2.report.txt:md5,4160e01a1516a67d6b023216c4aa3e78",
                "alz.chunk3.bam:md5,1bcd59be11f5139db7be940b748e3130",
                "alz.chunk3.bam.pbi:md5,4106f0f8c14228f7f4c84f045ea9c261",
                "alz.chunk3.report.txt:md5,48fdb9fdc1a8605094174fd255d55319",
                "alz.chunk4.bam:md5,62f9cdc9d2cb3f7ced4c0d4f28be3393",
                "alz.chunk4.bam.pbi:md5,f44b5767c536523a1186cca42e96c0e8",
                "alz.chunk4.report.txt:md5,4f586f8642858074e802d9b19c5b9872",
                "alz.chunk5.bam:md5,239206c33184fdf792f0384ac0b7bd50",
                "alz.chunk5.bam.pbi:md5,54084afe2dab9c1621b9338487f582e5",
                "alz.chunk5.report.txt:md5,a8dddb323068b43935cb7ccae165c373",
                "alz.chunk1_flnc.NEB_5p--NEB_Clontech_3p.bam:md5,50a7072ed6ccecb095dd405231f8475d",
                "alz.chunk1_flnc.NEB_5p--NEB_Clontech_3p.bam.pbi:md5,2b5cacf9385b9ddf9d29632e7f48c725",
                "alz.chunk1_flnc.lima.clips:md5,454496196732c3f4880d7f8996b52892",
                "alz.chunk1_flnc.lima.counts:md5,01bd4f886883d97a723ac130516126ef",
                "alz.chunk1_flnc.lima.guess:md5,5a2ed97558c76fbfc42f6132512dac96",
                "alz.chunk1_flnc.lima.report:md5,6238b8b855d29d8bdf3be414f50ef5e1",
                "alz.chunk1_flnc.lima.summary:md5,574763ef859d52867dc7c6335e7d723a",
                "alz.chunk2_flnc.NEB_5p--NEB_Clontech_3p.bam:md5,5b611d2e570dd915e464cde5eacd39ed",
                "alz.chunk2_flnc.NEB_5p--NEB_Clontech_3p.bam.pbi:md5,c0d6ef95510bed976b6d04afa63e99d1",
                "alz.chunk2_flnc.lima.clips:md5,d6df63c3e3234ae443bc8713092ffb98",
                "alz.chunk2_flnc.lima.counts:md5,8e9699fa9f37c7c3c57c1eb92ea687b3",
                "alz.chunk2_flnc.lima.guess:md5,e6a608f7ad88a5977f37f378a7a1affb",
                "alz.chunk2_flnc.lima.report:md5,548df65673730979dd840eaa1a3f07ea",
                "alz.chunk2_flnc.lima.summary:md5,c258654f45e0be1aa1bc8f42c7fb2a4d",
                "alz.chunk3_flnc.NEB_5p--NEB_Clontech_3p.bam:md5,fc55e5f114618db2f97e5cf31aff6e84",
                "alz.chunk3_flnc.NEB_5p--NEB_Clontech_3p.bam.pbi:md5,b617341d86c4422ce2fce65a1aa437e0",
                "alz.chunk3_flnc.lima.clips:md5,d1fde602e417a5e3736e2cc99483fe12",
                "alz.chunk3_flnc.lima.counts:md5,d1991b775c90482e41f2706c20277c8f",
                "alz.chunk3_flnc.lima.guess:md5,8c88e61dbe378bb2e970e1c29cd3c4c1",
                "alz.chunk3_flnc.lima.report:md5,48ef78d4b532addb48e4903924df5447",
                "alz.chunk3_flnc.lima.summary:md5,365c6ebbeecec1ad1309ded9cf480272",
                "alz.chunk4_flnc.NEB_5p--NEB_Clontech_3p.bam:md5,31cdc25400cf4dc0db724cde7173eb70",
                "alz.chunk4_flnc.NEB_5p--NEB_Clontech_3p.bam.pbi:md5,20560ae97563202e3eb6c60a072b0048",
                "alz.chunk4_flnc.lima.clips:md5,633d02e7df637ddef9d5769ee7523639",
                "alz.chunk4_flnc.lima.counts:md5,96aebefa4474767d7031e39d95a4d1c0",
                "alz.chunk4_flnc.lima.guess:md5,374642ac513d7216f80c1d5a03b4c7b7",
                "alz.chunk4_flnc.lima.report:md5,1643f293c8d4f547e3182b2428d92ccb",
                "alz.chunk4_flnc.lima.summary:md5,fd432c63d1d5806d77c5092e366260ca",
                "alz.chunk5_flnc.NEB_5p--NEB_Clontech_3p.bam:md5,b418be75e3d26a13aa6ecbf4491ff939",
                "alz.chunk5_flnc.NEB_5p--NEB_Clontech_3p.bam.pbi:md5,adb072a453a15912230e525bb12fcb65",
                "alz.chunk5_flnc.lima.clips:md5,ab0d851c6bae9ba9cf84a27d50fbba20",
                "alz.chunk5_flnc.lima.counts:md5,2cd73105100cc69258a7431a5f5658a4",
                "alz.chunk5_flnc.lima.guess:md5,08fdcaf443f65132f8ae831309dc713b",
                "alz.chunk5_flnc.lima.report:md5,b98c98088e3e59765ad93aabe304e62d",
                "alz.chunk5_flnc.lima.summary:md5,77bdbf2e0bce1597c974746aa1222df5",
                "alz.chunk1.bam:md5,d1139a1bb2cc418a393cf1fbc2ff40a7",
                "alz.chunk1.bam.pbi:md5,6bdde9a8bddd93d1822f22f6805ba414",
                "alz.chunk1.report.csv:md5,44eeeb49c3f86a52f40ffbd8320e3a06",
                "alz.chunk2.bam:md5,141a964b95fc6aca31eff01752fd57ed",
                "alz.chunk2.bam.pbi:md5,d029a4a61440c489598382b0cf51c246",
                "alz.chunk2.report.csv:md5,3c000f3c2dceccec8e68e2101ccb29a0",
                "alz.chunk3.bam:md5,2def25e9a5c81a45fb3ddb6b35a74a59",
                "alz.chunk3.bam.pbi:md5,9f7dd5d8e9fddc4dc2bd662edc5660fa",
                "alz.chunk3.report.csv:md5,3f71153a4389c184848fbf9076dedfca",
                "alz.chunk4.bam:md5,8ee2096dcb790e0ed7b189ccc0b55dba",
                "alz.chunk4.bam.pbi:md5,9078e92ed23849d5c2f87c46e04f358e",
                "alz.chunk4.report.csv:md5,10438a332df3673df211529f3b55a635",
                "alz.chunk5.bam:md5,fc4a295e900ec8840c01d2218cbb6474",
                "alz.chunk5.bam.pbi:md5,57bdd3e8e13718ad6ee70bc6453ab0ec",
                "alz.chunk5.report.csv:md5,7dbdca744ba863b362410c4fb0fbb6ab",
                "alz.chunk1.fasta:md5,32d548c6d7840dccf2542194aed84aee",
                "alz.chunk2.fasta:md5,e59d9e3cc7163e0a7ba5f93f9a91a894",
                "alz.chunk3.fasta:md5,6b7855f3ed392e3ea313d1fe732cfacf",
                "alz.chunk4.fasta:md5,b955c90a945211d89e03069a751aed43",
                "alz.chunk5.fasta:md5,0e126b8c3002e5fa600ef48732fa6183",
                "alz.chunk1_tama.fa.gz:md5,123d1c8aa61372b00708bf187525a7e8",
                "alz.chunk1_tama_polya_flnc_report.txt.gz:md5,6a47612bcb322b4a5e33f55d52c683f2",
                "alz.chunk1_tama_tails.fa.gz:md5,b5265bd73fb2e18d3642e271caf81f38",
                "alz.chunk2_tama.fa.gz:md5,1124febf474adbbb35051e091199b74a",
                "alz.chunk2_tama_polya_flnc_report.txt.gz:md5,dd8fc1193f0269bc000c005c445245ef",
                "alz.chunk2_tama_tails.fa.gz:md5,e1dddbef670a07cc9a6f37269c474aa1",
                "alz.chunk3_tama.fa.gz:md5,5c831ec6cfb2061fc5e158c524689947",
                "alz.chunk3_tama_polya_flnc_report.txt.gz:md5,81accd783a26ce65839b56b1b75ad1c7",
                "alz.chunk3_tama_tails.fa.gz:md5,8182e5590ec98c390f20b2a4812bd608",
                "alz.chunk4_tama.fa.gz:md5,5e2b0b58badab17820a2823261f62a4e",
                "alz.chunk4_tama_polya_flnc_report.txt.gz:md5,aeeee9ec5e28c503ff485160de11c7e1",
                "alz.chunk4_tama_tails.fa.gz:md5,725faa67458d60450123fd5837083e4e",
                "alz.chunk5_tama.fa.gz:md5,098f3846cf39d3d7b5b1f2e2a8269778",
                "alz.chunk5_tama_polya_flnc_report.txt.gz:md5,e1ab002d18f3e66637354e605bf0230d",
                "alz.chunk5_tama_tails.fa.gz:md5,63aa1ecd22740aa311500f4f537a0082",
                "alz.chunk1_tama.fa:md5,123d1c8aa61372b00708bf187525a7e8",
                "alz.chunk2_tama.fa:md5,1124febf474adbbb35051e091199b74a",
                "alz.chunk3_tama.fa:md5,5c831ec6cfb2061fc5e158c524689947",
                "alz.chunk4_tama.fa:md5,5e2b0b58badab17820a2823261f62a4e",
                "alz.chunk5_tama.fa:md5,098f3846cf39d3d7b5b1f2e2a8269778",
                "alz.chunk1.bam:md5,3785386231fc714178e1b286fb31da3b",
                "alz.chunk2.bam:md5,caf7df60f8ebdd6660abf9b139c6308f",
                "alz.chunk3.bam:md5,08604ac8c5bbe57a5fbcb98fa1e983e0",
                "alz.chunk4.bam:md5,00d4511ed53e241f3a99784ab5966d32",
                "alz.chunk5.bam:md5,429e6f7824eec7aca9cebda45c37d955",
                "alz.chunk1_collapsed.bed:md5,33f6bd7b72aa2957bbf0ceffc9ff1b32",
                "alz.chunk1_local_density_error.txt:md5,4bd7bc1b618ccfaa1eb0673bbca68f54",
                "alz.chunk1_polya.txt:md5,628ea62b918fc4f31e109f724d714a66",
                "alz.chunk1_read.txt:md5,c52e8879bdc59f7541a543dc00821aaf",
                "alz.chunk1_strand_check.txt:md5,42cc52b2660b1e0b84e1c9ab37a965ec",
                "alz.chunk1_trans_read.bed:md5,19cdf0d7d935665da0f96b936c6affc6",
                "alz.chunk1_trans_report.txt:md5,35610244e9d495e6f5dee1c6ae0580f8",
                "alz.chunk1_varcov.txt:md5,7b77861fe5e8e953d6d193ace2467e12",
                "alz.chunk1_variants.txt:md5,a4c518e1dfb7ff762bd7e5c3d7370986",
                "alz.chunk2_collapsed.bed:md5,05f7568e3d2f390e44f9f985b27247e2",
                "alz.chunk2_local_density_error.txt:md5,60baad2f8d24b0a2a29bdb5022e79013",
                "alz.chunk2_polya.txt:md5,434e6f3327bbeecd708dc6cc1edaa118",
                "alz.chunk2_read.txt:md5,e99b3c43cb7bd1b32b0ff3847b871ecd",
                "alz.chunk2_strand_check.txt:md5,42cc52b2660b1e0b84e1c9ab37a965ec",
                "alz.chunk2_trans_read.bed:md5,928ee441099b8c0d3c44054524603e94",
                "alz.chunk2_trans_report.txt:md5,e0ae3f827531d7316f9397b4dbdb0667",
                "alz.chunk2_varcov.txt:md5,7b77861fe5e8e953d6d193ace2467e12",
                "alz.chunk2_variants.txt:md5,a4c518e1dfb7ff762bd7e5c3d7370986",
                "alz.chunk3_collapsed.bed:md5,844806f6d1979d68a3b9096267d7bf07",
                "alz.chunk3_local_density_error.txt:md5,19157d0b4b2b3ad8972935a304403c9a",
                "alz.chunk3_polya.txt:md5,f5872c789c84037abd230f3e3053429e",
                "alz.chunk3_read.txt:md5,38a0482b53811ad3bba71edb7ab39db2",
                "alz.chunk3_strand_check.txt:md5,42cc52b2660b1e0b84e1c9ab37a965ec",
                "alz.chunk3_trans_read.bed:md5,c4e132389c86dc844e76f78c3724ed8d",
                "alz.chunk3_trans_report.txt:md5,eb6a4b39128ce0c19a96b5df9bb00010",
                "alz.chunk3_varcov.txt:md5,7b77861fe5e8e953d6d193ace2467e12",
                "alz.chunk3_variants.txt:md5,a4c518e1dfb7ff762bd7e5c3d7370986",
                "alz.chunk4_collapsed.bed:md5,1abee63ee6b2ecd8a579fd293e9787bb",
                "alz.chunk4_local_density_error.txt:md5,c55ae4bde350d182f7f1d7bd68b3c9eb",
                "alz.chunk4_polya.txt:md5,9b1bb126d5f3ba8b1605fadec4f28d15",
                "alz.chunk4_read.txt:md5,0489136e2ba5e69a715682c33b4c3b6f",
                "alz.chunk4_strand_check.txt:md5,42cc52b2660b1e0b84e1c9ab37a965ec",
                "alz.chunk4_trans_read.bed:md5,340aa905ab34937cf34d8434ad00ecc9",
                "alz.chunk4_trans_report.txt:md5,0c43e570ac23818b1c183d48588deab1",
                "alz.chunk4_varcov.txt:md5,7b77861fe5e8e953d6d193ace2467e12",
                "alz.chunk4_variants.txt:md5,a4c518e1dfb7ff762bd7e5c3d7370986",
                "alz.chunk5_collapsed.bed:md5,3f15a3012bb1f6ec66516944e0bcb3a2",
                "alz.chunk5_local_density_error.txt:md5,afa3056df739987a700ae7eabe2d3b68",
                "alz.chunk5_polya.txt:md5,b5e129f170b71a74aae74120730ffdb1",
                "alz.chunk5_read.txt:md5,949e6d547a1c9422f97abd564cf52775",
                "alz.chunk5_strand_check.txt:md5,42cc52b2660b1e0b84e1c9ab37a965ec",
                "alz.chunk5_trans_read.bed:md5,6aff9f4403259838f3514942c3634322",
                "alz.chunk5_trans_report.txt:md5,0b1e17e83b3f750289a35725da0cf3f3",
                "alz.chunk5_varcov.txt:md5,7b77861fe5e8e953d6d193ace2467e12",
                "alz.chunk5_variants.txt:md5,a4c518e1dfb7ff762bd7e5c3d7370986",
                "alz.tsv:md5,941a55136b72ab7f28855891006580bd",
                "alz.bed:md5,032f95c838f2d6b1c7f80706f8f202bf",
                "alz_gene_report.txt:md5,e80411b7a70e0046c8bc8f422ad32fa8",
                "alz_merge.txt:md5,5f224189862c7c053ca074181fe83749",
                "alz_trans_report.txt:md5,03c71999e1e17f44acc4f63ae386d3a6",
                "database.db:md5,c0af58dc048c951aec5a2b087c1fdb35",
                "genome.gtf:md5,42790347cfe144a957e5fd2a2a3b8d7f"
            ]
        ],
        "meta": {
            "nf-test": "0.9.3",
            "nextflow": "25.10.0"
        },
        "timestamp": "2025-10-27T17:22:00.951616315"
    }
}